// Jest Snapshot v1, https://goo.gl/fbAQLP

exports[`renders correctly 1`] = `
<aside
  className="aside  "
>
  <a
    aria-label="Share on Twitter"
    href="https://twitter.com/intent/tweet?text=title&url=http://example.com&via=martinprins"
    rel="noopener noreferrer"
    target="_blank"
    title="Share on Twitter"
  >
    <img
      alt="Twitter"
      height={24}
      src="test-file-stub"
      width={24}
    />
  </a>
  <a
    aria-label="Share on Facebook"
    href="https://www.facebook.com/sharer/sharer.php?u=http://example.com"
    rel="noopener noreferrer"
    target="_blank"
    title="Share on Facebook"
  >
    <img
      alt="Facebook"
      height={24}
      src="test-file-stub"
      width={24}
    />
  </a>
  <a
    aria-label="Share on LinkedIn"
    href="https://www.linkedin.com/shareArticle?mini=true&url=http://example.com&title=title&source=https%3A//www.linkedin.com/in/martingarciamonterde/"
    rel="noopener noreferrer"
    target="_blank"
    title="Share on LinkedIn"
  >
    <img
      alt="LinkedIn"
      height={24}
      src="test-file-stub"
      width={24}
    />
  </a>
</aside>
`;
